// Jest Snapshot v1, https://goo.gl/fbAQLP

exports[`<Divider/> should match snapshot 1`] = `
<div>
  <div
    aria-hidden="false"
    class="divider"
  />
</div>
`;
